---
source: grub/src/lexer.rs
expression: tokens
---
[
    Value(
        "set",
    ),
    Value(
        "timeout=30",
    ),
    Newline,
    Newline,
    Value(
        "loadfont",
    ),
    Value(
        "unicode",
    ),
    Newline,
    Newline,
    Value(
        "set",
    ),
    Value(
        "menu_color_normal=white/black",
    ),
    Newline,
    Value(
        "set",
    ),
    Value(
        "menu_color_highlight=black/light-gray",
    ),
    Newline,
    Newline,
    Value(
        "menuentry",
    ),
    Value(
        "Try or Install Ubuntu Server",
    ),
    OpenBrace,
    Newline,
    Value(
        "set",
    ),
    Value(
        "gfxpayload=keep",
    ),
    Newline,
    Value(
        "linux",
    ),
    Value(
        "/casper/vmlinuz",
    ),
    Value(
        "---",
    ),
    Newline,
    Value(
        "initrd",
    ),
    Value(
        "/casper/initrd",
    ),
    Newline,
    CloseBrace,
    Newline,
    Value(
        "menuentry",
    ),
    Value(
        "Ubuntu Server with the HWE kernel",
    ),
    OpenBrace,
    Newline,
    Value(
        "set",
    ),
    Value(
        "gfxpayload=keep",
    ),
    Newline,
    Value(
        "linux",
    ),
    Value(
        "/casper/hwe-vmlinuz",
    ),
    Value(
        "---",
    ),
    Newline,
    Value(
        "initrd",
    ),
    Value(
        "/casper/hwe-initrd",
    ),
    Newline,
    CloseBrace,
    Newline,
    Value(
        "grub_platform",
    ),
    Newline,
    If,
    Value(
        "[",
    ),
    Value(
        "$grub_platform",
    ),
    Value(
        "=",
    ),
    Value(
        "efi",
    ),
    CloseBracket,
    Semicolon,
    Then,
    Newline,
    Value(
        "menuentry",
    ),
    Literal(
        "Boot from next volume",
    ),
    OpenBrace,
    Newline,
    Value(
        "exit",
    ),
    Value(
        "1",
    ),
    Newline,
    CloseBrace,
    Newline,
    Value(
        "menuentry",
    ),
    Literal(
        "UEFI Firmware Settings",
    ),
    OpenBrace,
    Newline,
    Value(
        "fwsetup",
    ),
    Newline,
    CloseBrace,
    Newline,
    Else,
    Newline,
    Value(
        "menuentry",
    ),
    Literal(
        "Test memory",
    ),
    OpenBrace,
    Newline,
    Value(
        "linux16",
    ),
    Value(
        "/boot/memtest86+.bin",
    ),
    Newline,
    CloseBrace,
    Newline,
    Fi,
    Newline,
]
