---
source: grub/src/lexer.rs
expression: tokens
---
[
    Value(
        "set",
    ),
    Value(
        "timeout=1",
    ),
    Newline,
    Newline,
    Value(
        "menuentry",
    ),
    Value(
        "Linux lts",
    ),
    OpenBrace,
    Newline,
    Value(
        "linux",
    ),
    Value(
        "/boot/vmlinuz-lts",
    ),
    Value(
        "modules=loop,squashfs,sd-mod,usb-storage",
    ),
    Value(
        "quiet",
    ),
    Newline,
    Value(
        "initrd",
    ),
    Value(
        "/boot/initramfs-lts",
    ),
    Newline,
    CloseBrace,
    Newline,
]
