---
source: grub/src/parser.rs
expression: ast
---
Root {
    statements: [
        Command(
            CommandStatement {
                command: "set",
                args: [
                    Value(
                        "timeout=30",
                    ),
                ],
            },
        ),
        Command(
            CommandStatement {
                command: "loadfont",
                args: [
                    Value(
                        "unicode",
                    ),
                ],
            },
        ),
        Command(
            CommandStatement {
                command: "set",
                args: [
                    Value(
                        "menu_color_normal=white/black",
                    ),
                ],
            },
        ),
        Command(
            CommandStatement {
                command: "set",
                args: [
                    Value(
                        "menu_color_highlight=black/light-gray",
                    ),
                ],
            },
        ),
        Command(
            CommandStatement {
                command: "menuentry",
                args: [
                    Value(
                        "Try or Install Ubuntu Server",
                    ),
                    Block(
                        [
                            Command(
                                CommandStatement {
                                    command: "set",
                                    args: [
                                        Value(
                                            "gfxpayload=keep",
                                        ),
                                    ],
                                },
                            ),
                            Command(
                                CommandStatement {
                                    command: "linux",
                                    args: [
                                        Value(
                                            "/casper/vmlinuz",
                                        ),
                                        Value(
                                            "---",
                                        ),
                                    ],
                                },
                            ),
                            Command(
                                CommandStatement {
                                    command: "initrd",
                                    args: [
                                        Value(
                                            "/casper/initrd",
                                        ),
                                    ],
                                },
                            ),
                        ],
                    ),
                ],
            },
        ),
        Command(
            CommandStatement {
                command: "menuentry",
                args: [
                    Value(
                        "Ubuntu Server with the HWE kernel",
                    ),
                    Block(
                        [
                            Command(
                                CommandStatement {
                                    command: "set",
                                    args: [
                                        Value(
                                            "gfxpayload=keep",
                                        ),
                                    ],
                                },
                            ),
                            Command(
                                CommandStatement {
                                    command: "linux",
                                    args: [
                                        Value(
                                            "/casper/hwe-vmlinuz",
                                        ),
                                        Value(
                                            "---",
                                        ),
                                    ],
                                },
                            ),
                            Command(
                                CommandStatement {
                                    command: "initrd",
                                    args: [
                                        Value(
                                            "/casper/hwe-initrd",
                                        ),
                                    ],
                                },
                            ),
                        ],
                    ),
                ],
            },
        ),
        Command(
            CommandStatement {
                command: "grub_platform",
                args: [],
            },
        ),
        If(
            IfStatement {
                condition: Condition(
                    true,
                    CommandStatement {
                        command: "test",
                        args: [
                            Value(
                                "$grub_platform",
                            ),
                            Value(
                                "=",
                            ),
                            Value(
                                "efi",
                            ),
                        ],
                    },
                ),
                consequence: [
                    Command(
                        CommandStatement {
                            command: "menuentry",
                            args: [
                                Literal(
                                    "Boot from next volume",
                                ),
                                Block(
                                    [
                                        Command(
                                            CommandStatement {
                                                command: "exit",
                                                args: [
                                                    Value(
                                                        "1",
                                                    ),
                                                ],
                                            },
                                        ),
                                    ],
                                ),
                            ],
                        },
                    ),
                    Command(
                        CommandStatement {
                            command: "menuentry",
                            args: [
                                Literal(
                                    "UEFI Firmware Settings",
                                ),
                                Block(
                                    [
                                        Command(
                                            CommandStatement {
                                                command: "fwsetup",
                                                args: [],
                                            },
                                        ),
                                    ],
                                ),
                            ],
                        },
                    ),
                ],
                elifs: [],
                alternative: [
                    Command(
                        CommandStatement {
                            command: "menuentry",
                            args: [
                                Literal(
                                    "Test memory",
                                ),
                                Block(
                                    [
                                        Command(
                                            CommandStatement {
                                                command: "linux16",
                                                args: [
                                                    Value(
                                                        "/boot/memtest86+.bin",
                                                    ),
                                                ],
                                            },
                                        ),
                                    ],
                                ),
                            ],
                        },
                    ),
                ],
            },
        ),
    ],
}
